    1             /SERIAL-BASED DISK SYSTEM
    2             /NON-SYSTEM HANDLER FOR OMNIBUS
    3             /KYLE OWEN - 2/17/2014
    4             
    5       0003  VERS="C&77
    6             
    7       6400  BASER=6400
    8       6410  BASET=6410
    9             
   10       6400  SKCF=BASER
   11       6401  SKSF=BASER+1
   12       6402  SKCC=BASER+2
   13       6404  SKRS=BASER+4
   14       6405  SKIE=BASER+5
   15       6406  SKRB=BASER+6
   16             
   17       6410  STFL=BASET
   18       6411  STSF=BASET+1
   19       6412  STCF=BASET+2
   20       6414  STPC=BASET+4
   21       6415  STSK=BASET+5
   22       6416  STLS=BASET+6
   23             
   24       6260  BLKNUM=6260
   25             
   26             /HANDLER SENDS:
   27             /A OR B FOR PRIMARY DISK, SIDE A OR B
   28             /C OR D FOR SECONDARY DISK, SIDE A OR B
   29             
   30       0000          *0
   31 00000 7774          -4              /FOUR DEVICES
   32 00001 2304          DEVICE SDSK; DEVICE SDA0; 4640; ENTRY1&177; 0; 0
      00002 2313
      00003 2304
      00004 0160
      00005 4640
      00006 0045
      00007 0000
      00010 0000
   33 00011 2304          DEVICE SDSK; DEVICE SDB0; 4640; ENTRY2&177; 0; 0
      00012 2313
      00013 2304
      00014 0260
      00015 4640
      00016 0116
      00017 0000
      00020 0000
   34 00021 2304          DEVICE SDSK; DEVICE SDA1; 4640; ENTRY3&177; 0; 0
      00022 2313
      00023 2304
      00024 0161
      00025 4640
      00026 0124
      00027 0000
      00030 0000



      /SERIAL-BASED DISK SYSTEM                                           Page 1


   35 00031 2304          DEVICE SDSK; DEVICE SDB1; 4640; ENTRY4&177; 0; 0
      00032 2313
      00033 2304
      00034 0261
      00035 4640
      00036 0132
      00037 0000
      00040 0000
   36                     
   37       0200          *200
   38 00200 0000  SENDC,  0               /SEND CHARACTER IN AC
   39 00201 6416          STLS
   40 00202 6411          STSF
   41 00203 5202          JMP .-1
   42 00204 5600          JMP I SENDC
   43                     
   44 00205 0000  SNDNUM, 0               /SEND NUMBER AS TWO CONSECUTIVE CHARACTERS
   45 00206 4200          JMS SENDC       /SEND BOTTOM 8 BITS OF WORD
   46 00207 7002          BSW             /SEND TOP 6 BITS OF WORD PLUS SOME, LET SERVER HANDLE IT
   47 00210 4200          JMS SENDC
   48 00211 7200          CLA
   49 00212 5605          JMP I SNDNUM
   50             
   51 00213 0000  GETNUM, 0
   52 00214 6402          SKCC            /CLEAR AC AND FLAG
   53 00215 6401          SKSF            /SKIP IF FLAG SET
   54 00216 5215          JMP .-1
   55 00217 6406          SKRB            /READ BUFFER
   56 00220 7002          BSW             /SWAP BYTES
   57 00221 6401          SKSF            /SKIP IF FLAG SET
   58 00222 5221          JMP .-1
   59 00223 6404          SKRS            /OR BUFFER WITH AC
   60 00224 5613          JMP I GETNUM
   61             
   62 00225 1306  TXPG,   TAD CDFSTO      /GET DATA FIELD
   63 00226 3227          DCA TXCDF       /MODIFY CDF FOR TRANSFER
   64 00227 7402  TXCDF,  HLT             /MODIFIED TO CDF
   65 00230 1741          TAD I SLOC      /GET WORD
   66 00231 6201          CDF 0           /BACK TO FIELD 0
   67 00232 2341          ISZ SLOC        /NEXT LOCATION
   68 00233 7000          NOP
   69 00234 4205          JMS SNDNUM      /SEND IT
   70 00235 2342          ISZ WORDCT      /INCREMENT WORD COUNT...DONE?
   71 00236 5227          JMP TXCDF       /NO, KEEP LOOPING
   72 00237 5275          JMP GETACK      /ANY MORE REQUESTS?
   73             
   74 00240 2245  EXIT,   ISZ ENTRY1      /NORMAL EXIT
   75 00241 7402  SFIELD, HLT             /MODIFIED TO CDI
   76 00242 5645          JMP I ENTRY1    /EXIT WITH FATAL ERROR
   77 00243 7130  ERROR,  CLL CML RAR     /ROTATE ERROR CODE AND SET NEGATIVE BIT



      /SERIAL-BASED DISK SYSTEM                                           Page 2


   78 00244 5241          JMP SFIELD      /ERROR EXIT
   79             
   80 00245 0003  ENTRY1, VERS
   81 00246 7300          CLA CLL         /CLEAR LINK FOR FIRST PLATTER
   82 00247 6400  SETUP,  SKCF            /CLEAR RECEIVE FLAG
   83 00250 1343          TAD WKUP        /ADD WAKEUP CHARACTER
   84 00251 4200          JMS SENDC       /SEND WAKEUP CHARACTER
   85 00252 7200          CLA
   86 00253 6214          RDF             /GET CURRENT FIELD
   87 00254 1340          TAD SCDI        /ADD CDI
   88 00255 3241          DCA SFIELD      /DEPOSIT MODIFIED CIF
   89                     /SKSF           /WAIT FOR RESPONSE
   90                     /JMP .-1
   91                     /SKCF           /CLEAR FLAG
   92 00256 1645          TAD I ENTRY1    /GET FUNCTION
   93 00257 4205          JMS SNDNUM      /TELL SERVER FUNCTION
   94 00260 2245          ISZ ENTRY1      /LOOK AT BUFFER ADDRESS
   95 00261 1645          TAD I ENTRY1    /GET BUFFER ADDRESS
   96 00262 4205          JMS SNDNUM      /TELL SERVER BUFFER ADDRESS
   97 00263 1645          TAD I ENTRY1    /GET BUFFER ADDRESS
   98 00264 3341          DCA SLOC        /STORE BUFFER ADDRESS
   99 00265 2245          ISZ ENTRY1      /LOOK AT STARTING BLOCK NUMBER
  100 00266 1645          TAD I ENTRY1    /GET STARTING BLOCK NUMBER
  101 00267 4205          JMS SNDNUM      /TELL SERVER STARTING BLOCK NUMBER
  102 00270 2245          ISZ ENTRY1      /LOOK AT ERROR RETURN
  103 00271 4213          JMS GETNUM      /RECEIVE CDF INSTRUCTION
  104 00272 3306          DCA CDFSTO
  105 00273 4213          JMS GETNUM      /RECEIVE NEGATIVE WORD COUNT
  106 00274 3342          DCA WORDCT
  107 00275 4213  GETACK, JMS GETNUM      /4000=READ, 4001=WRITE, 0000=DONE, 2000=ERROR
  108 00276 7450          SNA             /WAS IT ZERO?
  109 00277 5240          JMP EXIT        /YES, EXIT
  110 00300 7104          CLL RAL         /NO, IS HIGH BIT SET?
  111 00301 7420          SNL
  112 00302 5243          JMP ERROR       /NO, ERROR!
  113 00303 7640          SZA CLA         /YES, READ OR WRITE?
  114 00304 5225          JMP TXPG        /TIME TO WRITE
  115             
  116 00305 4213  RXLP,   JMS GETNUM      /GET WORD
  117 00306 7402  CDFSTO, HLT             /MODIFIED TO CDF
  118 00307 3741          DCA I SLOC      /STORE CONTENTS
  119 00310 6201          CDF 0
  120 00311 2341          ISZ SLOC        /NEXT LOCATION
  121 00312 7000          NOP
  122 00313 2342          ISZ WORDCT      /INCREMENT WORD COUNT...DONE?
  123 00314 5305          JMP RXLP        /NO, KEEP LOOPING
  124 00315 5275          JMP GETACK      /ANY OTHER REQUESTS?
  125             
  126 00316 0003  ENTRY2, VERS            /SECOND ENTRY POINT
  127 00317 7200          CLA



      /SERIAL-BASED DISK SYSTEM                                           Page 3


  128 00320 1316          TAD ENTRY2      /GET ARGUMENT ADDRESS
  129 00321 3245          DCA ENTRY1      /STORE IT IN COMMON PLACE
  130 00322 7301          CLA CLL IAC     /SET AC = 1 FOR 2ND PLATTER
  131 00323 5247          JMP SETUP       /CONTINUE WITH SETUP
  132             
  133 00324 0003  ENTRY3, VERS
  134 00325 7200          CLA
  135 00326 1324          TAD ENTRY3      /GET ARGUMENT ADDRESS
  136 00327 3245          DCA ENTRY1      /STORE IT IN COMMON PLACE
  137 00330 7305          CLA CLL IAC RAL /SET AC = 2 FOR 3RD PLATTER
  138 00331 5247          JMP SETUP       /CONTINUE WITH SETUP
  139             
  140 00332 0003  ENTRY4, VERS
  141 00333 7200          CLA
  142 00334 1332          TAD ENTRY4      /GET ARGUMENT ADDRESS
  143 00335 3245          DCA ENTRY1      /STORE IT IN COMMON PLACE
  144 00336 7325          CLA CLL CML IAC RAL     /SET AC = 3 FOR 4TH PLATTER
  145 00337 5247          JMP SETUP       /CONTINUE WITH SETUP
  146             
  147 00340 6203  SCDI,   CIF CDF 0
  148 00341 0000  SLOC,   0
  149 00342 0000  WORDCT, 0
  150 00343 0101  WKUP,   101             /'A'
  151 00344 0000          ZBLOCK 377-.
      00345 0000
      00346 0000
      00347 0000
      00350 0000
      00351 0000
      00352 0000
      00353 0000
      00354 0000
      00355 0000
      00356 0000
      00357 0000
      00360 0000
      00361 0000
      00362 0000
      00363 0000
      00364 0000
      00365 0000
      00366 0000
      00367 0000
      00370 0000
      00371 0000
      00372 0000
      00373 0000
      00374 0000
      00375 0000
      00376 0000



      /SERIAL-BASED DISK SYSTEM                                           Page 4


  152             $

      No detected errors
